# --------------------------------------------------- // System
pipewire                                               # audio/video server
pipewire-alsa                                          # pipewire alsa client
pipewire-audio                                         # pipewire audio client
pipewire-jack                                          # pipewire jack client
pipewire-pulse                                         # pipewire pulseaudio client
gst-plugin-pipewire                                    # pipewire gstreamer client
wireplumber                                            # pipewire session manager
pavucontrol                                            # pulseaudio volume control
pamixer                                                # pulseaudio cli mixer
networkmanager                                         # network manager
network-manager-applet                                 # network manager system tray utility
bluez                                                  # bluetooth protocol stack
bluez-utils                                            # bluetooth utility cli
blueman                                                # bluetooth manager gui
brightnessctl                                          # screen brightness control
udiskie                                                # manage removable media
cpio
cmake
meson
pkg-config

# --------------------------------------------------- // Display Manager
sddm                                                   # display manager for KDE plasma
qt5-quickcontrols                                      # for sddm theme ui elements
qt5-quickcontrols2                                     # for sddm theme ui elements
qt5-graphicaleffects                                   # for sddm theme effects
spice-vdagent											# only needed in VM!

# --------------------------------------------------- // Window Manager
hyprland                                               # wlroots-based wayland compositor
dunst                                                  # notification daemon
rofi-wayland                                           # application launcher
waybar                                                 # system bar
swww                                                   # wallpaper
hyprlock                                               # lock screen
wlogout                                                # logout menu
# grimblast-git                                        # screenshot tool # DEPRECATED! We will ship our own version to avoid breaking changes
grim                                                   # screenshot tool
hyprpicker                                             # color picker
slurp                                                  # region select for screenshot/screenshare
satty                                                  # Modern Screenshot Annotation
cliphist                                               # clipboard manager
hyprsunset                                             # blue light filter
nwg-dock-hyprland

# --------------------------------------------------- // Dependencies
polkit-gnome                                           # authentication agent
xdg-desktop-portal-hyprland                            # xdg desktop portal for hyprland
pacman-contrib                                         # for system update check
python-pyamdgpuinfo                                    # for amd gpu info
parallel                                               # for parallel processing
jq                                                     # for json processing
imagemagick                                            # for image processing
qt5-imageformats                                       # for dolphin image thumbnails
ffmpegthumbs                                           # for dolphin video thumbnails
kde-cli-tools                                          # for dolphin file type defaults
libnotify                                              # for notifications
noto-fonts-emoji                                       # emoji font
ranger

# --------------------------------------------------- // Theming
nwg-look                                               # gtk configuration tool
qt5ct                                                  # qt5 configuration tool
qt6ct                                                  # qt6 configuration tool
kvantum                                                # svg based qt6 theme engine
kvantum-qt5                                            # svg based qt5 theme engine
qt5-wayland                                            # wayland support in qt5
qt6-wayland                                            # wayland support in qt6

# --------------------------------------------------- // Applications
#firefox                                                # browser
librewolf-bin
kitty                                                  # terminal
dolphin                                                # kde file manager
ark                                                    # kde file archiver
unzip                                                  # extracting zip files
vim                                                    # terminal text editor
#code                                                   # ide text editor
nwg-displays                                           # monitor management utility

# --------------------------------------------------- // Shell
eza|zsh                                                # file lister for zsh
# oh-my-zsh-git|zsh                                    #  plugin manager for zsh (Optional) // Moved to pkg_extra.lst
zsh-theme-powerlevel10k-git|zsh                        # theme for zsh
pokego-bin|zsh                                        # display pokemon sprites in terminal (written GO)
# eza|fish                                               # file lister for fish
# starship|fish                                          # customizable shell prompt
fastfetch                                              # system information fetch tool

# --------------------------------------------------- // HyDE
# hyde-cli-git                                           # cli tool to manage hyde \\ Deprecated for HyDE
hypridle                                               # idle daemon

# --------------------------------------------------- // System
# downgrade                                            # downgrade packages
# trash-cli-git                                        # cli to manage trash files
bitwarden
# coolercontrol
# coolercontrold
cpupower
cpupower-gui
# ddcui                                                 # GUI to control brightness for external monitors
deja-dup
libinput-gestures                                    # actions touchpad gestures using libinput
ncdu
gestures                                             # gui for libinput-gestures
opencl-amd
realtime-privileges
reflector
# wttrbar                                                # for weather
# python-requests|wttrbar                                # script dependency
# hyprgui-bin                                          # GUI for hyprland configuration // might mess your userprefs but convenient // Just disappeared

# --------------------------------------------------- // Shell
# oh-my-zsh-git|zsh                                      # Optional plugin manager for zsh // already installed locally


# --------------------------------------------------- // Productivity
# anki
bitwig-studio
blender
darktable
gimp
kicad
newsflash
onlyoffice-bin
# renoise


# --------------------------------------------------- // Audio Plugins
sfizz
zl-equalizer-bin
surge-xt
decent-sampler-bin

# --------------------------------------------------- // Misc
xdg-desktop-portal-gtk                                 # xdg desktop portal using gtk
# emote                                                # emoji picker gtk3

# --------------------------------------------------- // Gaming
steam                                                  # gaming platform
gamemode                                               # daemon and library for game optimizations
gamescope                                            # micro-compositor for gaming
gamemode
lib32-gamemode
lib32-mesa
lib32-vulkan-radeon
lutris                                               # Lutris is an open source gaming platform for Linux
mangohud                                               # system performance overlay
wine-staging
winetricks
yabridge

# --------------------------------------------------- // Music
# cava                                                   # audio visualizer
spotify                                                # proprietary music streaming service
# spicetify-cli                                          # cli to customize spotify client

# --------------------------------------------------- // Apps
# neovim                                               # vim based text editor

# --------------------------------------------------- // Shell
# oh-my-zsh-git|zsh                                      # Optional plugin manager for zsh
# pokemon-colorscripts-git|zsh                           # display pokemon sprites (optional)

# --------------------------------------------------- // Editor
# vscodium                                              # Full oss text editor
# vscodium-marketplace|vscodium                         # VSCodium marketplace
# code-marketplace|code                                 # Code-Oss marketplace
visual-studio-code-bin                                # MS  text editor


# --------------------------------------------------- // Backends
#electron                                              # electron backend

# --------------------------------------------------- // Lockscreen
#swaylock-effects-git                                   # swaylock with effects // very minimal lockscreen

# --------------------------------------------------- // OSD
swayosd-git                                             #A GTK based on screen display for keyboard shortcuts like caps-lock and volume

# --------------------------------------------------- // Networking
mullvad-vpn-bin

swayosd-git                                             #A GTK based on screen display for keyboard shortcuts like caps-lock and volume
